
> react-kavia@0.1.0 start
> react-scripts start

Attempting to bind to HOST environment variable: 0.0.0.0
If this was unintentional, check that you haven't mistakenly set it in your shell.
Learn more here: https://cra.link/advanced-config

(node:3224) [DEP_WEBPACK_DEV_SERVER_ON_AFTER_SETUP_MIDDLEWARE] DeprecationWarning: 'onAfterSetupMiddleware' option is deprecated. Please use the 'setupMiddlewares' option.
(Use `node --trace-deprecation ...` to show where the warning was created)
(node:3224) [DEP_WEBPACK_DEV_SERVER_ON_BEFORE_SETUP_MIDDLEWARE] DeprecationWarning: 'onBeforeSetupMiddleware' option is deprecated. Please use the 'setupMiddlewares' option.
Starting the development server...

Compiled with warnings.

[eslint] 
src/App.js
  Line 10:10:   'theme' is assigned a value but never used                                                    no-unused-vars
  Line 10:17:   'setTheme' is assigned a value but never used                                                 no-unused-vars
  Line 16:18:   'setLevels' is assigned a value but never used                                                no-unused-vars
  Line 75:9:    'toggleTheme' is assigned a value but never used                                              no-unused-vars
  Line 220:10:  'birdsLeft' is assigned a value but never used                                                no-unused-vars
  Line 229:9:   'animRef' is assigned a value but never used                                                  no-unused-vars
  Line 490:24:  Unexpected mix of '||' and '&&'. Use parentheses to clarify the intended order of operations  no-mixed-operators
  Line 490:71:  Unexpected mix of '||' and '&&'. Use parentheses to clarify the intended order of operations  no-mixed-operators

Search for the keywords to learn more about each warning.
To ignore, add // eslint-disable-next-line to the line before.

WARNING in [eslint] 
src/App.js
  Line 10:10:   'theme' is assigned a value but never used                                                    no-unused-vars
  Line 10:17:   'setTheme' is assigned a value but never used                                                 no-unused-vars
  Line 16:18:   'setLevels' is assigned a value but never used                                                no-unused-vars
  Line 75:9:    'toggleTheme' is assigned a value but never used                                              no-unused-vars
  Line 220:10:  'birdsLeft' is assigned a value but never used                                                no-unused-vars
  Line 229:9:   'animRef' is assigned a value but never used                                                  no-unused-vars
  Line 490:24:  Unexpected mix of '||' and '&&'. Use parentheses to clarify the intended order of operations  no-mixed-operators
  Line 490:71:  Unexpected mix of '||' and '&&'. Use parentheses to clarify the intended order of operations  no-mixed-operators

webpack compiled with 1 warning
Compiling...
Compiled with warnings.

[eslint] 
src/App.js
  Line 10:10:   'theme' is assigned a value but never used                                                    no-unused-vars
  Line 10:17:   'setTheme' is assigned a value but never used                                                 no-unused-vars
  Line 16:18:   'setLevels' is assigned a value but never used                                                no-unused-vars
  Line 87:9:    'toggleTheme' is assigned a value but never used                                              no-unused-vars
  Line 232:10:  'birdsLeft' is assigned a value but never used                                                no-unused-vars
  Line 241:9:   'animRef' is assigned a value but never used                                                  no-unused-vars
  Line 502:24:  Unexpected mix of '||' and '&&'. Use parentheses to clarify the intended order of operations  no-mixed-operators
  Line 502:71:  Unexpected mix of '||' and '&&'. Use parentheses to clarify the intended order of operations  no-mixed-operators

Search for the keywords to learn more about each warning.
To ignore, add // eslint-disable-next-line to the line before.

WARNING in [eslint] 
src/App.js
  Line 10:10:   'theme' is assigned a value but never used                                                    no-unused-vars
  Line 10:17:   'setTheme' is assigned a value but never used                                                 no-unused-vars
  Line 16:18:   'setLevels' is assigned a value but never used                                                no-unused-vars
  Line 87:9:    'toggleTheme' is assigned a value but never used                                              no-unused-vars
  Line 232:10:  'birdsLeft' is assigned a value but never used                                                no-unused-vars
  Line 241:9:   'animRef' is assigned a value but never used                                                  no-unused-vars
  Line 502:24:  Unexpected mix of '||' and '&&'. Use parentheses to clarify the intended order of operations  no-mixed-operators
  Line 502:71:  Unexpected mix of '||' and '&&'. Use parentheses to clarify the intended order of operations  no-mixed-operators

webpack compiled with 1 warning
